Traceback (most recent call last):
  File "<frozen importlib._bootstrap_external>", line 1437, in _path_importer_cache
KeyError: '/usr/local/lib/python3.11/dist-packages/torch/cpu'

During handling of the above exception, another exception occurred:

Traceback (most recent call last):
  File "/workspace/slam.py", line 10, in <module>
    import torch
  File "/usr/local/lib/python3.11/dist-packages/torch/__init__.py", line 1414, in <module>
    from torch import cpu as cpu
  File "/usr/local/lib/python3.11/dist-packages/torch/cpu/__init__.py", line 11, in <module>
    from . import amp
  File "<frozen importlib._bootstrap>", line 1178, in _find_and_load
  File "<frozen importlib._bootstrap>", line 1140, in _find_and_load_unlocked
  File "<frozen importlib._bootstrap>", line 1080, in _find_spec
  File "<frozen importlib._bootstrap_external>", line 1504, in find_spec
  File "<frozen importlib._bootstrap_external>", line 1473, in _get_spec
  File "<frozen importlib._bootstrap_external>", line 1439, in _path_importer_cache
  File "<frozen importlib._bootstrap_external>", line 1415, in _path_hooks
  File "<frozen importlib._bootstrap_external>", line 1700, in path_hook_for_FileFinder
  File "<frozen importlib._bootstrap_external>", line 1559, in __init__
KeyboardInterrupt
