[2026-02-19 18:55:08] ==========================================
[2026-02-19 18:55:08] S3PO-GS 调参实验 开始
[2026-02-19 18:55:08] GPU: 3 | 实验数: 12
[2026-02-19 18:55:08] ==========================================
[2026-02-19 18:55:08] ------------------------------------------
[2026-02-19 18:55:08] [1/12] 实验: baseline
[2026-02-19 18:55:08]   配置: configs/mono/Stereo/Stereo_seq_easy/exp_decouple.yaml
[2026-02-19 19:12:39]   [OK] 运行完成
[2026-02-19 19:12:39]   结果: RMSE=0.0009275220283005744, PSNR=24.200087400971267, SSIM=0.757924254293795, LPIPS=0.453929324944814
[2026-02-19 19:12:39]   目录: /workspace/results/stereo_seq_easy_stereo_seq_easy/2026-02-19-18-55-12
[2026-02-19 19:12:39] ------------------------------------------
[2026-02-19 19:12:39] [2/12] 实验: P1A_alpha090
[2026-02-19 19:12:39]   配置: configs/mono/Stereo/Stereo_seq_easy/tune/tune_P1A_alpha090.yaml
[2026-02-19 19:13:33]   [FAIL] 退出码=1，查看日志: /workspace/tune_logs/P1A_alpha090.log
[2026-02-19 19:13:33] ------------------------------------------
[2026-02-19 19:13:33] [3/12] 实验: P1B_alpha093
[2026-02-19 19:13:33]   配置: configs/mono/Stereo/Stereo_seq_easy/tune/tune_P1B_alpha093.yaml
[2026-02-19 19:13:36] ==========================================
[2026-02-19 19:13:36] S3PO-GS 调参实验 开始
[2026-02-19 19:13:36] GPU: 3 | 实验数: 12
[2026-02-19 19:13:36] ==========================================
[2026-02-19 19:13:36] ------------------------------------------
[2026-02-19 19:13:36] [1/12] 实验: baseline
[2026-02-19 19:13:36]   配置: configs/mono/Stereo/Stereo_seq_easy/exp_decouple.yaml
[2026-02-19 19:25:10] ==========================================
[2026-02-19 19:25:10] S3PO-GS 调参实验 开始
[2026-02-19 19:25:10] GPU: 2 | 实验数: 12
[2026-02-19 19:25:10] ==========================================
[2026-02-19 19:25:10] ------------------------------------------
[2026-02-19 19:25:10] [1/12] 实验: baseline
[2026-02-19 19:25:10]   配置: configs/mono/Stereo/Stereo_seq_easy/exp_decouple.yaml
